
Allocating common symbols
Common symbol       size              file

std_error           0x4               ../../../../../usb-host/src/mcf5222x/usb-drv/usb_utils.o
host_stp            0x1               ../../../../../usb-otg/src/mcf5222x/otg_main.o
my_device           0x20              ../../../../../usb-host/src/mcf5222x/usb-drv/usb_host.o
device_run          0x1               ../../../../../usb-otg/src/mcf5222x/otg_main.o
sleep               0x1               ../../../../../usb-otg/src/mcf5222x/otg_main.o
srp                 0x1               ../../../../../usb-otg/src/mcf5222x/otg_main.o
app_st              0x4               ../../../../../usb-otg/src/mcf5222x/otg_main.o
host_st             0x4               ../../../../../usb-otg/src/mcf5222x/otg_main.o
dbuffer             0xff              ../../../../../usb-host/src/mcf5222x/usb-drv/usb_utils.o
report_items        0x1               ../../../../../usb-host/src/mcf5222x/hid/host_hid.o
di                  0x6               ../../../../../usb-peripheral/src/mcf5222x/hid-demo/hid_usb_config.o
buf_ep01            0x8               ../../../../../usb-peripheral/src/mcf5222x/hid-demo/hid_usb_config.o
host_run            0x1               ../../../../../usb-otg/src/mcf5222x/otg_main.o
device_stp          0x1               ../../../../../usb-otg/src/mcf5222x/otg_main.o
rs232_ctr           0x4               ../../../../../usb-common/mcf5222x/uart-drv/uart.o
tr_error            0x4               ../../../../../usb-host/src/mcf5222x/usb-drv/usb_host.o
hid_info            0xc               ../../../../../usb-host/src/mcf5222x/hid/host_hid.o
buf_ep00            0x8               ../../../../../usb-peripheral/src/mcf5222x/hid-demo/hid_usb_config.o
report_item_list    0x320             ../../../../../usb-host/src/mcf5222x/hid/host_hid.o
ep_info             0x2               ../../../../../usb-host/src/mcf5222x/usb-drv/usb_host.o

Memory Configuration

Name             Origin             Length             Attributes
rom              0x00000000         0x00040000         xr
ram              0x20000000         0x00008000         xrw
*default*        0x00000000         0xffffffff

Linker script and memory map

                0x00000000                __DYNAMIC = 0x0
                0x20000000                PROVIDE (__SRAM, 0x20000000)
                0x20000000                PROVIDE (_SRAM, 0x20000000)
                0x40000000                PROVIDE (__IPSBAR, 0x40000000)
                0x40000000                PROVIDE (_IPSBAR, 0x40000000)

.text           0x00000000     0xc4de
 *(.vectors)
 .vectors       0x00000000      0x48c ../../../../../usb-otg/projects/gcc-gmake/mcf52223/otg/mcf5222x_vectors.o
                0x00000000                VECTOR_TABLE
                0x00000418                __start
                0x00000474                usb_it_handler
 *(.text .text.*)
 .text          0x0000048c      0x24c ../../../../../usb-peripheral/src/mcf5222x/hid-demo/hid_generic.o
                0x0000048c                hid_generic
 .text          0x000006d8      0x53a ../../../../../usb-peripheral/src/mcf5222x/hid-demo/hid_usb_config.o
                0x00000998                get_str_descriptor
                0x000006ea                got_usb_reset
                0x00000b82                get_ep_rx_buffer
                0x00000764                get_report_descriptor
                0x0000089c                get_cfg_descriptor
                0x00000800                get_device_descriptor
                0x00000bf4                usb_cfg_init
                0x00000bcc                usb_ep0_callback
                0x000006d8                set_mode
                0x000007d6                get_physical_descriptor
                0x00000b02                get_ep_descriptor
                0x000006f2                get_hid_descriptor
                0x00000c0a                enable_usb_pull_up
                0x00000858                is_cfgd_index
                0x000008fc                is_str_index
                0x00000a86                is_ep_ndx
                0x00000a1c                is_ifc_ndx
 *fill*         0x00000c12        0x2 00
 .text          0x00000c14      0xc20 ../../../../../usb-peripheral/src/mcf5222x/hid-demo/hid.o
                0x00000eb2                usb_reset_event
                0x00000cdc                hid_write_report
                0x000016da                HID_init
                0x00000dca                hid_report_pending
                0x00000f44                usb_ep0_hid_callback
                0x00000d56                hid_read_report
                0x00000e06                hid_get_idle_time
                0x00001746                hid_process
                0x00000ea2                usb_wakeup_event
                0x00000eaa                usb_suspend_event
                0x00000c14                hid_add_report
                0x00000e9a                usb_bus_error_event
                0x00000efc                set_report_state
 .text          0x00001834      0x36e ../../../../../usb-peripheral/src/mcf5222x/hid-demo/hid_kbd.o
                0x0000199e                hid_kbd
 *fill*         0x00001ba2        0x2 00
 .text          0x00001ba4       0xe2 ../../../../../usb-peripheral/src/mcf5222x/hid-demo/hid_mouse.o
                0x00001bc4                hid_mouse
                0x00001ba4                mou_got_reset
 *fill*         0x00001c86        0x2 00
 .text          0x00001c88      0x2f4 ../../../../../usb-peripheral/src/mcf5222x/device_ints.o
                0x00001f76                irq_handler7f
                0x00001ce8                irq_handler12
                0x00001e9e                irq_handler5b
                0x00001e2c                irq_handler48
                0x00001e68                irq_handler52
                0x00001ef8                irq_handler6a
                0x00001cc4                irq_handler0c
                0x00001e08                irq_handler42
                0x00001f4c                irq_handler78
                0x00001d96                irq_handler2f
                0x00001ef2                irq_handler69
                0x00001cfa                irq_handler15
                0x00001e32                irq_handler49
                0x00001ece                irq_handler63
                0x00001e56                irq_handler4f
                0x00001e50                irq_handler4e
                0x00001cac                irq_handler08
                0x00001ca0                irq_handler06
                0x00001d6c                irq_handler28
                0x00001de4                irq_handler3c
                0x00001f58                irq_handler7a
                0x00001d9c                irq_handler30
                0x00001f40                irq_handler76
                0x00001f22                irq_handler71
                0x00001d24                irq_handler1c
                0x00001dde                irq_handler3b
                0x00001e4a                irq_handler4d
                0x00001cb8                irq_handler0a
                0x00001dea                irq_handler3d
                0x00001dd2                irq_handler39
                0x00001d4e                irq_handler23
                0x00001c9a                irq_handler05
                0x00001e26                irq_handler47
                0x00001db4                irq_handler34
                0x00001cee                irq_handler13
                0x00001ee0                irq_handler66
                0x00001e74                irq_handler54
                0x00001efe                irq_handler6b
                0x00001dfc                irq_handler40
                0x00001e98                irq_handler5a
                0x00001dd8                irq_handler3a
                0x00001f28                irq_handler72
                0x00001d18                irq_handler1a
                0x00001f6a                irq_handler7d
                0x00001e20                irq_handler46
                0x00001d0c                irq_handler18
                0x00001dba                irq_handler35
                0x00001e86                irq_handler57
                0x00001eec                irq_handler68
                0x00001ed4                irq_handler64
                0x00001cd0                irq_handler0e
                0x00001e02                irq_handler41
                0x00001f1c                irq_handler70
                0x00001d72                irq_handler29
                0x00001f2e                irq_handler73
                0x00001f0a                irq_handler6d
                0x00001e8c                irq_handler58
                0x00001e44                irq_handler4c
                0x00001d48                irq_handler22
                0x00001ee6                irq_handler67
                0x00001e0e                irq_handler43
                0x00001dae                irq_handler33
                0x00001e6e                irq_handler53
                0x00001eb0                irq_handler5e
                0x00001c94                irq_handler04
                0x00001dc0                irq_handler36
                0x00001d30                irq_handler1e
                0x00001f34                irq_handler74
                0x00001cf4                irq_handler14
                0x00001ce2                irq_handler11
                0x00001d12                irq_handler19
                0x00001f10                irq_handler6e
                0x00001dc6                irq_handler37
                0x00001f5e                irq_handler7b
                0x00001e62                irq_handler51
                0x00001d8a                irq_handler2d
                0x00001cd6                irq_handler0f
                0x00001e80                irq_handler56
                0x00001d2a                irq_handler1d
                0x00001cb2                irq_handler09
                0x00001ebc                irq_handler60
                0x00001df0                irq_handler3e
                0x00001f16                irq_handler6f
                0x00001da8                irq_handler32
                0x00001d1e                irq_handler1b
                0x00001f46                irq_handler77
                0x00001d90                irq_handler2e
                0x00001eaa                irq_handler5d
                0x00001d5a                irq_handler25
                0x00001eb6                irq_handler5f
                0x00001e7a                irq_handler55
                0x00001ec2                irq_handler61
                0x00001e1a                irq_handler45
                0x00001cdc                irq_handler10
                0x00001ea4                irq_handler5c
                0x00001d06                irq_handler17
                0x00001e3e                irq_handler4b
                0x00001e5c                irq_handler50
                0x00001d42                irq_handler21
                0x00001d60                irq_handler26
                0x00001eda                irq_handler65
                0x00001f3a                irq_handler75
                0x00001cbe                irq_handler0b
                0x00001d3c                irq_handler20
                0x00001d84                irq_handler2c
                0x00001d00                irq_handler16
                0x00001dcc                irq_handler38
                0x00001f64                irq_handler7c
                0x00001c88                irq_handler02
                0x00001ec8                irq_handler62
                0x00001e92                irq_handler59
                0x00001da2                irq_handler31
                0x00001f70                irq_handler7e
                0x00001d54                irq_handler24
                0x00001d7e                irq_handler2b
                0x00001df6                irq_handler3f
                0x00001f04                irq_handler6c
                0x00001d66                irq_handler27
                0x00001d78                irq_handler2a
                0x00001cca                irq_handler0d
                0x00001c8e                irq_handler03
                0x00001ca6                irq_handler07
                0x00001e14                irq_handler44
                0x00001f52                irq_handler79
                0x00001e38                irq_handler4a
                0x00001d36                irq_handler1f
 .text          0x00001f7c     0x26f8 ../../../../../usb-peripheral/src/mcf5222x/usb-drv/usb.o
                0x000029f4                usb_stop_ep_rx
                0x00002980                usb_stop_ep_tx
                0x00002140                usb_ep_is_busy
                0x000035b0                usb_abort_ep
                0x00002358                usb_stop
                0x0000223e                usb_init
                0x00001f7c                usb_get_rx_pptr
                0x0000217c                usb_get_state
                0x00003d48                usb_it_handler1
                0x00002192                usb_ep_error
                0x00002102                usb_get_done
                0x000030aa                usb_send
                0x0000346c                usb_receive
 .text          0x00004674      0x398 ../../../../../usb-host/src/mcf5222x/hid/hid_parser.o
                0x00004850                write_item
                0x00004674                read_item
 .text          0x00004a0c      0x5f4 ../../../../../usb-host/src/mcf5222x/hid/host_hid.o
                0x00004bc4                hid_set_idle
                0x00004d80                hid_init
                0x00004a0c                hid_set_report
                0x00004f74                hid_get_dev_type
                0x00004b4a                hid_set_protocol
                0x00004aaa                hid_get_report
 .text          0x00005000      0x502 ../../../../../usb-host/src/mcf5222x/hid/host_hid_kbd.o
                0x0000547c                hid_kbd_get_nkey
                0x00005466                hid_kbd_get_lgui
                0x00005450                hid_kbd_get_rgui
                0x000054da                hid_kbd_get_key
                0x000053cc                hid_kbd_get_lshift
                0x00005424                hid_kbd_get_rctrl
                0x0000543a                hid_kbd_get_lctrl
                0x000053e2                hid_kbd_get_rshift
                0x000053f8                hid_kbd_get_ralt
                0x0000540e                hid_kbd_get_lalt
                0x000050b4                hid_kbd_set_leds
                0x000052fe                hid_kbd_process
                0x00005000                hid_kbd_init
 *fill*         0x00005502        0x2 00
 .text          0x00005504      0x2e4 ../../../../../usb-host/src/mcf5222x/hid/host_hid_joy.o
                0x000055a2                hid_joy_get_y
                0x00005504                hid_joy_init
                0x000055e4                hid_joy_get_hat
                0x000055b8                hid_joy_get_rz
                0x0000574c                hid_joy_process
                0x000055ce                hid_joy_get_slider
                0x000055fa                hid_joy_get_button
                0x0000558c                hid_joy_get_x
 .text          0x000057e8      0xc1a ../../../../../usb-host/src/mcf5222x/hid/hid_demo.o
                0x00005826                hid_host_app
 *fill*         0x00006402        0x2 00
 .text          0x00006404      0x280 ../../../../../usb-host/src/mcf5222x/hid/host_hid_mouse.o
                0x00006404                hid_mouse_init
                0x000065bc                hid_mouse_process
                0x00006472                hid_mouse_get_y
                0x0000645c                hid_mouse_get_x
                0x00006488                hid_mouse_get_button
 .text          0x00006684     0x18ca ../../../../../usb-host/src/mcf5222x/usb-drv/usb_host.o
                0x00006e54                host_stop
                0x00006b88                host_reset_bus
                0x000068fe                host_add_ep
                0x00007b1c                host_receive
                0x00007848                host_send_control
                0x00007dec                host_ms_delay
                0x00006df2                host_scan_for_device
                0x000068b4                host_has_device
                0x00006d10                host_init
                0x00006ac8                host_modify_ep
                0x00006a86                host_remove_ep
                0x00007e94                host_wakeup
                0x00007c28                host_receive_control
                0x00007a18                host_send
                0x00007e5c                host_sleep
 *fill*         0x00007f4e        0x2 00
 .text          0x00007f50      0xaea ../../../../../usb-host/src/mcf5222x/usb-drv/usb_utils.o
                0x00008798                find_ifc_ndx
                0x0000865c                find_ifc_csp
                0x00007f50                fill_setup_packet
                0x000080e2                get_cfg_desc
                0x00008556                find_descriptor
                0x000083d6                set_config
                0x00008278                set_ep0_psize
                0x00008336                set_address
                0x000088ce                get_ifc_info
                0x0000846a                get_device_info
                0x00008022                get_dev_desc
                0x000089a2                get_ep_info
                0x00008876                get_cfg_info
 *fill*         0x00008a3a        0x2 00
 .text          0x00008a3c      0x100 ../../../../../usb-otg/src/mcf5222x/hid_demo_app.o
                0x00008a3c                device_demo_app
 .text          0x00008b3c      0x2f8 ../../../../../usb-otg/src/mcf5222x/otg_main.o
                0x00008ba8                start_host_app
                0x00008b80                app_sleep_event
                0x00008bf0                stop_device_app
                0x00008bc0                stop_host_app
                0x00008b58                app_resume_event
                0x00008b3c                enable_usb_pull_downs
                0x00008bd8                start_device_app
                0x00008d38                main
                0x00008b44                busy_wait
 .text          0x00008e34      0x50e ../../../../../usb-otg/src/mcf5222x/i2c-drv/i2c.o
                0x000091fe                i2c_send_byte
                0x00008fe2                i2c_receive_byte
                0x00008f38                i2c_init
                0x00008e34                iic_delay
                0x00008e64                i2c_set_bps
 *fill*         0x00009342        0x2 00
 .text          0x00009344      0x4ba ../../../../../usb-otg/src/mcf5222x/otg-drv/max3353.o
                0x00009770                otgdrv_set_pull
                0x0000950a                otgdrv_req_session
                0x0000961c                otgdrv_get_id
                0x000094d6                otgdrv_init
                0x00009708                otgdrv_get_vbus_level
                0x000094ea                otgdrv_init_b
                0x0000967a                otgdrv_set_vbus
                0x000094fa                otgdrv_init_a
 *fill*         0x000097fe        0x2 00
 .text          0x00009800      0x2dc ../../../../../usb-otg/src/mcf5222x/otg-drv/mcf52223.o
                0x000098f4                otgdrv_get_bconn
                0x000098b8                mcf5222x_stop_a
                0x000098d6                mcf5222x_stop_b
                0x00009800                mcf5222x_init_b
                0x0000985c                mcf5222x_init_a
                0x00009aaa                otgdrv_got_SE0
                0x00009950                otgdrv_get_suspend
 .text          0x00009adc     0x1356 ../../../../../usb-otg/src/mcf5222x/otg-drv/otg.o
                0x0000a09e                otg_vbus_off
                0x0000a172                otg_vbus_on
                0x00009e68                otg_check_bconn
                0x0000ace0                otg_get_sleep
                0x0000ad2a                usb_ep0_otg_callback
                0x0000a91a                otg_handle_event
                0x0000a862                otg_device_drop_bus
                0x0000a6bc                otg_device_req_bus
                0x0000acf6                otg_get_mode
                0x0000a26c                otg_host_req_bus
                0x0000a64a                otg_host_drop_bus
                0x0000acc6                otg_process
                0x00009d30                otg_check_vbus
                0x00009f44                otg_check_sleep
                0x0000a8ce                otg_check
                0x0000acb8                otg_get_role
                0x00009ca6                otg_check_role
                0x0000a008                otg_init
 *fill*         0x0000ae32        0x2 00
 .text          0x0000ae34       0xa8 ../../../../../usb-common/mcf5222x/timer-drv/timer.o
                0x0000ae34                start_mS_timer
                0x0000ae9e                check_mS_timer
 .text          0x0000aedc      0x2d0 ../../../../../usb-common/mcf5222x/uart-drv/uart.o
                0x0000b11e                uart_putch
                0x0000aedc                uart_init
                0x0000b0a0                uart_set_bps
                0x0000b074                uart_get_bps
                0x0000b18e                uart_kbhit
                0x0000b174                uart_getch
 .text          0x0000b1ac      0x1fa ../../../../../usb-common/mcf5222x/target.o
                0x0000b234                init_ints
                0x0000b24c                init_board
                0x0000b212                init_scm
                0x0000b36e                _irq_disable
                0x0000b2f6                Usb_Vbus_On
                0x0000b33a                Usb_Vbus_Stat
                0x0000b382                hw_init
                0x0000b318                Usb_Vbus_Off
                0x0000b35a                _irq_restore
 *fill*         0x0000b3a6        0x2 00
 .text          0x0000b3a8      0x59e ../../../../../usb-common/terminal/hcc_terminal.o
                0x0000b3a8                print
                0x0000b690                terminal_process
                0x0000b8a0                terminal_delete_cmd
                0x0000b63e                terminal_init
                0x0000b3ee                skipp_space
                0x0000b48a                cmp_str
                0x0000b846                terminal_add_cmd
                0x0000b42a                find_word
 *fill*         0x0000b946        0x2 00
 .text          0x0000b948      0x1e4 ../../../../../usb-common/utils/utils.o
                0x0000b948                itoah
                0x0000ba02                itoa
                0x0000bad8                strtoi
 .text          0x0000bb2c       0xaa ../../../../../usb-otg/projects/gcc-gmake/mcf52223/otg/startup.o
                0x0000bb2c                low_level_init
 *fill*         0x0000bbd6        0x2 00
 .text          0x0000bbd8        0x0 ../../../../../usb-otg/projects/gcc-gmake/mcf52223/otg/mcf5222x_vectors.o
 .text          0x0000bbd8       0x5c ../../../../../usb-otg/projects/gcc-gmake/mcf52223/otg/mcf5xxx_lo.o
                0x0000bbe4                mcf5xxx_wr_vbr
                0x0000bbf0                mcf5xxx_byterev
                0x0000bbd8                mcf5xxx_wr_cacr
                0x0000bbfe                asm_set_ipl
 *(.rodata .rodata.*)
 .rodata        0x0000bc34      0x280 ../../../../../usb-host/src/mcf5222x/hid/host_hid_kbd.o
 .rodata        0x0000beb4      0x21d ../../../../../usb-host/src/mcf5222x/hid/hid_demo.o
 *fill*         0x0000c0d1        0x1 00
 .rodata        0x0000c0d2      0x100 ../../../../../usb-host/src/mcf5222x/hid/host_hid_mouse.o
 .rodata        0x0000c1d2       0x8e ../../../../../usb-otg/src/mcf5222x/hid_demo_app.o
 .rodata        0x0000c260      0x160 ../../../../../usb-otg/src/mcf5222x/otg_main.o
                0x0000c3b4                cmd_host
                0x0000c38e                cmd_perip
 .rodata        0x0000c3c0       0x80 ../../../../../usb-otg/src/mcf5222x/i2c-drv/i2c.o
                0x0000c3c0                i2c_prescaler_val
 .rodata        0x0000c440       0x9e ../../../../../usb-common/terminal/hcc_terminal.o

.data           0x20000000      0x5d4 load address 0x0000c4de
                0x20000000                __COPY_DST = .
 *(.shdata)
 *(.data .data.*)
 .data          0x20000000        0x0 ../../../../../usb-peripheral/src/mcf5222x/hid-demo/hid_generic.o
 .data          0x20000000      0x37f ../../../../../usb-peripheral/src/mcf5222x/hid-demo/hid_usb_config.o
                0x20000302                geh_string_descriptors
                0x20000000                string_descriptor0
                0x2000006e                kbd_product
                0x2000004a                kbd_interface
                0x20000204                mou_device_descriptor
                0x2000035a                geh_config_descriptor
                0x2000001e                kbd_config
                0x20000248                mou_config_descriptor
                0x20000192                mou_serail_number
                0x200000dc                kbd_device_descriptor
                0x20000299                geh_interface
                0x2000031a                geh_device_descriptor
                0x2000017e                mou_interface
                0x2000032c                geh_report_descriptor
                0x2000012d                kbd_config_descriptor
                0x20000152                mou_config
                0x20000004                str_manufacturer
                0x2000019c                mou_product
                0x200002b5                geh_product
                0x200002ab                geh_serail_number
                0x20000064                kbd_serail_number
                0x2000026d                geh_config
                0x200000c4                kbd_string_descriptors
                0x200000ee                kbd_report_descriptor
                0x20000216                mou_report_descriptor
                0x200001ec                mou_string_descriptors
 *fill*         0x2000037f        0x1 00
 .data          0x20000380        0x0 ../../../../../usb-peripheral/src/mcf5222x/hid-demo/hid.o
 .data          0x20000380        0x0 ../../../../../usb-peripheral/src/mcf5222x/hid-demo/hid_kbd.o
 .data          0x20000380        0x0 ../../../../../usb-peripheral/src/mcf5222x/hid-demo/hid_mouse.o
 .data          0x20000380        0x0 ../../../../../usb-peripheral/src/mcf5222x/device_ints.o
 .data          0x20000380        0x0 ../../../../../usb-peripheral/src/mcf5222x/usb-drv/usb.o
 .data          0x20000380        0x0 ../../../../../usb-host/src/mcf5222x/hid/hid_parser.o
 .data          0x20000380        0x0 ../../../../../usb-host/src/mcf5222x/hid/host_hid.o
 .data          0x20000380        0x0 ../../../../../usb-host/src/mcf5222x/hid/host_hid_kbd.o
 .data          0x20000380      0x254 ../../../../../usb-host/src/mcf5222x/hid/host_hid_joy.o
 .data          0x200005d4        0x0 ../../../../../usb-host/src/mcf5222x/hid/hid_demo.o
 .data          0x200005d4        0x0 ../../../../../usb-host/src/mcf5222x/hid/host_hid_mouse.o
 .data          0x200005d4        0x0 ../../../../../usb-host/src/mcf5222x/usb-drv/usb_host.o
 .data          0x200005d4        0x0 ../../../../../usb-host/src/mcf5222x/usb-drv/usb_utils.o
 .data          0x200005d4        0x0 ../../../../../usb-otg/src/mcf5222x/hid_demo_app.o
 .data          0x200005d4        0x0 ../../../../../usb-otg/src/mcf5222x/otg_main.o
 .data          0x200005d4        0x0 ../../../../../usb-otg/src/mcf5222x/i2c-drv/i2c.o
 .data          0x200005d4        0x0 ../../../../../usb-otg/src/mcf5222x/otg-drv/max3353.o
 .data          0x200005d4        0x0 ../../../../../usb-otg/src/mcf5222x/otg-drv/mcf52223.o
 .data          0x200005d4        0x0 ../../../../../usb-otg/src/mcf5222x/otg-drv/otg.o
 .data          0x200005d4        0x0 ../../../../../usb-common/mcf5222x/timer-drv/timer.o
 .data          0x200005d4        0x0 ../../../../../usb-common/mcf5222x/uart-drv/uart.o
 .data          0x200005d4        0x0 ../../../../../usb-common/mcf5222x/target.o
 .data          0x200005d4        0x0 ../../../../../usb-common/terminal/hcc_terminal.o
 .data          0x200005d4        0x0 ../../../../../usb-common/utils/utils.o
 .data          0x200005d4        0x0 ../../../../../usb-otg/projects/gcc-gmake/mcf52223/otg/startup.o
 .data          0x200005d4        0x0 ../../../../../usb-otg/projects/gcc-gmake/mcf52223/otg/mcf5222x_vectors.o
 .data          0x200005d4        0x0 ../../../../../usb-otg/projects/gcc-gmake/mcf52223/otg/mcf5xxx_lo.o
                0x200005d4                __COPY_END = .

.bss            0x200005d4      0x874
                0x200005d4                __ZERO_START = .
 *(.shbss)
 *(.bss .bss.*)
 .bss           0x200005d4        0x0 ../../../../../usb-peripheral/src/mcf5222x/hid-demo/hid_generic.o
 .bss           0x200005d4        0x4 ../../../../../usb-peripheral/src/mcf5222x/hid-demo/hid_usb_config.o
 .bss           0x200005d8       0x28 ../../../../../usb-peripheral/src/mcf5222x/hid-demo/hid.o
 .bss           0x20000600        0x6 ../../../../../usb-peripheral/src/mcf5222x/hid-demo/hid_kbd.o
 *fill*         0x20000606        0x2 00
 .bss           0x20000608        0x3 ../../../../../usb-peripheral/src/mcf5222x/hid-demo/hid_mouse.o
 *fill*         0x2000060b        0x1 00
 .bss           0x2000060c        0x0 ../../../../../usb-peripheral/src/mcf5222x/device_ints.o
 .bss           0x2000060c      0x204 ../../../../../usb-peripheral/src/mcf5222x/usb-drv/usb.o
 .bss           0x20000810        0x0 ../../../../../usb-host/src/mcf5222x/hid/hid_parser.o
 .bss           0x20000810        0x0 ../../../../../usb-host/src/mcf5222x/hid/host_hid.o
 .bss           0x20000810       0x18 ../../../../../usb-host/src/mcf5222x/hid/host_hid_kbd.o
 .bss           0x20000828       0x1e ../../../../../usb-host/src/mcf5222x/hid/host_hid_joy.o
 *fill*         0x20000846        0x2 00
 .bss           0x20000848        0x0 ../../../../../usb-host/src/mcf5222x/hid/hid_demo.o
 .bss           0x20000848        0xe ../../../../../usb-host/src/mcf5222x/hid/host_hid_mouse.o
 *fill*         0x20000856        0x2 00
 .bss           0x20000858        0x0 ../../../../../usb-host/src/mcf5222x/usb-drv/usb_host.o
 .bss           0x20000858        0x0 ../../../../../usb-host/src/mcf5222x/usb-drv/usb_utils.o
 .bss           0x20000858        0x0 ../../../../../usb-otg/src/mcf5222x/hid_demo_app.o
 .bss           0x20000858        0x0 ../../../../../usb-otg/src/mcf5222x/otg_main.o
 .bss           0x20000858        0x0 ../../../../../usb-otg/src/mcf5222x/i2c-drv/i2c.o
 .bss           0x20000858        0x0 ../../../../../usb-otg/src/mcf5222x/otg-drv/max3353.o
 .bss           0x20000858        0x1 ../../../../../usb-otg/src/mcf5222x/otg-drv/mcf52223.o
 *fill*         0x20000859        0x3 00
 .bss           0x2000085c       0x22 ../../../../../usb-otg/src/mcf5222x/otg-drv/otg.o
 *fill*         0x2000087e        0x2 00
 .bss           0x20000880        0x0 ../../../../../usb-common/mcf5222x/timer-drv/timer.o
 .bss           0x20000880        0x2 ../../../../../usb-common/mcf5222x/uart-drv/uart.o
 *fill*         0x20000882        0x2 00
 .bss           0x20000884        0x0 ../../../../../usb-common/mcf5222x/target.o
 .bss           0x20000884      0x136 ../../../../../usb-common/terminal/hcc_terminal.o
 *fill*         0x200009ba        0x2 00
 .bss           0x200009bc        0x0 ../../../../../usb-common/utils/utils.o
 .bss           0x200009bc        0x0 ../../../../../usb-otg/projects/gcc-gmake/mcf52223/otg/startup.o
 .bss           0x200009bc        0x8 ../../../../../usb-otg/projects/gcc-gmake/mcf52223/otg/mcf5222x_vectors.o
                0x200009bc                d0_reset
                0x200009c0                d1_reset
 .bss           0x200009c4        0x0 ../../../../../usb-otg/projects/gcc-gmake/mcf52223/otg/mcf5xxx_lo.o
 *(.gnu.linkonce.b.*)
 *(COMMON)
 COMMON         0x200009c4       0x16 ../../../../../usb-peripheral/src/mcf5222x/hid-demo/hid_usb_config.o
                0x200009c4                di
                0x200009ca                buf_ep01
                0x200009d2                buf_ep00
 COMMON         0x200009da      0x32e ../../../../../usb-host/src/mcf5222x/hid/host_hid.o
                0x200009da                report_items
                0x200009dc                hid_info
                0x200009e8                report_item_list
 COMMON         0x20000d08       0x26 ../../../../../usb-host/src/mcf5222x/usb-drv/usb_host.o
                0x20000d08                my_device
                0x20000d28                tr_error
                0x20000d2c                ep_info
 COMMON         0x20000d2e      0x103 ../../../../../usb-host/src/mcf5222x/usb-drv/usb_utils.o
                0x20000d2e                std_error
                0x20000d32                dbuffer
 *fill*         0x20000e31        0x1 00
 COMMON         0x20000e32        0xe ../../../../../usb-otg/src/mcf5222x/otg_main.o
                0x20000e32                host_stp
                0x20000e33                device_run
                0x20000e34                sleep
                0x20000e35                srp
                0x20000e36                app_st
                0x20000e3a                host_st
                0x20000e3e                host_run
                0x20000e3f                device_stp
 COMMON         0x20000e40        0x4 ../../../../../usb-common/mcf5222x/uart-drv/uart.o
                0x20000e40                rs232_ctr
                0x20000e48                . = ALIGN (0x8)
 *fill*         0x20000e44        0x4 00
                0x20000e48                __ZERO_END = .

.bdt            0x20000e48      0x3b8
                0x20001000                . = ALIGN (0x200)
 *fill*         0x20000e48      0x1b8 00
                0x20001000                _BDT_BASE = .
                0x20001200                . = (. + 0x200)
 *fill*         0x20001000      0x200 00

.stack          0x20001200     0x1000
                0x20001200                . = ALIGN (0x4)
                0x20002200                . = (. + 0x1000)
 *fill*         0x20001200     0x1000 00
                0x20002200                __SP_INIT = .

.stab
 *(.stab)

.stabstr
 *(.stabstr)

.debug
 *(.debug)

.line
 *(.line)

.debug_srcinfo
 *(.debug_srcinfo)

.debug_sfnames
 *(.debug_sfnames)

.debug_aranges  0x00000000      0x360
 *(.debug_aranges)
 .debug_aranges
                0x00000000       0x20 ../../../../../usb-peripheral/src/mcf5222x/hid-demo/hid_generic.o
 .debug_aranges
                0x00000020       0x20 ../../../../../usb-peripheral/src/mcf5222x/hid-demo/hid_usb_config.o
 .debug_aranges
                0x00000040       0x20 ../../../../../usb-peripheral/src/mcf5222x/hid-demo/hid.o
 .debug_aranges
                0x00000060       0x20 ../../../../../usb-peripheral/src/mcf5222x/hid-demo/hid_kbd.o
 .debug_aranges
                0x00000080       0x20 ../../../../../usb-peripheral/src/mcf5222x/hid-demo/hid_mouse.o
 .debug_aranges
                0x000000a0       0x20 ../../../../../usb-peripheral/src/mcf5222x/device_ints.o
 .debug_aranges
                0x000000c0       0x20 ../../../../../usb-peripheral/src/mcf5222x/usb-drv/usb.o
 .debug_aranges
                0x000000e0       0x20 ../../../../../usb-host/src/mcf5222x/hid/hid_parser.o
 .debug_aranges
                0x00000100       0x20 ../../../../../usb-host/src/mcf5222x/hid/host_hid.o
 .debug_aranges
                0x00000120       0x20 ../../../../../usb-host/src/mcf5222x/hid/host_hid_kbd.o
 .debug_aranges
                0x00000140       0x20 ../../../../../usb-host/src/mcf5222x/hid/host_hid_joy.o
 .debug_aranges
                0x00000160       0x20 ../../../../../usb-host/src/mcf5222x/hid/hid_demo.o
 .debug_aranges
                0x00000180       0x20 ../../../../../usb-host/src/mcf5222x/hid/host_hid_mouse.o
 .debug_aranges
                0x000001a0       0x20 ../../../../../usb-host/src/mcf5222x/usb-drv/usb_host.o
 .debug_aranges
                0x000001c0       0x20 ../../../../../usb-host/src/mcf5222x/usb-drv/usb_utils.o
 .debug_aranges
                0x000001e0       0x20 ../../../../../usb-otg/src/mcf5222x/hid_demo_app.o
 .debug_aranges
                0x00000200       0x20 ../../../../../usb-otg/src/mcf5222x/otg_main.o
 .debug_aranges
                0x00000220       0x20 ../../../../../usb-otg/src/mcf5222x/i2c-drv/i2c.o
 .debug_aranges
                0x00000240       0x20 ../../../../../usb-otg/src/mcf5222x/otg-drv/max3353.o
 .debug_aranges
                0x00000260       0x20 ../../../../../usb-otg/src/mcf5222x/otg-drv/mcf52223.o
 .debug_aranges
                0x00000280       0x20 ../../../../../usb-otg/src/mcf5222x/otg-drv/otg.o
 .debug_aranges
                0x000002a0       0x20 ../../../../../usb-common/mcf5222x/timer-drv/timer.o
 .debug_aranges
                0x000002c0       0x20 ../../../../../usb-common/mcf5222x/uart-drv/uart.o
 .debug_aranges
                0x000002e0       0x20 ../../../../../usb-common/mcf5222x/target.o
 .debug_aranges
                0x00000300       0x20 ../../../../../usb-common/terminal/hcc_terminal.o
 .debug_aranges
                0x00000320       0x20 ../../../../../usb-common/utils/utils.o
 .debug_aranges
                0x00000340       0x20 ../../../../../usb-otg/projects/gcc-gmake/mcf52223/otg/startup.o

.debug_pubnames
                0x00000000     0x1bb7
 *(.debug_pubnames)
 .debug_pubnames
                0x00000000       0x22 ../../../../../usb-peripheral/src/mcf5222x/hid-demo/hid_generic.o
 .debug_pubnames
                0x00000022      0x3cb ../../../../../usb-peripheral/src/mcf5222x/hid-demo/hid_usb_config.o
 .debug_pubnames
                0x000003ed      0x11d ../../../../../usb-peripheral/src/mcf5222x/hid-demo/hid.o
 .debug_pubnames
                0x0000050a       0x1e ../../../../../usb-peripheral/src/mcf5222x/hid-demo/hid_kbd.o
 .debug_pubnames
                0x00000528       0x32 ../../../../../usb-peripheral/src/mcf5222x/hid-demo/hid_mouse.o
 .debug_pubnames
                0x0000055a      0x8ee ../../../../../usb-peripheral/src/mcf5222x/device_ints.o
 .debug_pubnames
                0x00000e48       0xef ../../../../../usb-peripheral/src/mcf5222x/usb-drv/usb.o
 .debug_pubnames
                0x00000f37       0x2f ../../../../../usb-host/src/mcf5222x/hid/hid_parser.o
 .debug_pubnames
                0x00000f66       0xb3 ../../../../../usb-host/src/mcf5222x/hid/host_hid.o
 .debug_pubnames
                0x00001019      0x123 ../../../../../usb-host/src/mcf5222x/hid/host_hid_kbd.o
 .debug_pubnames
                0x0000113c       0xb0 ../../../../../usb-host/src/mcf5222x/hid/host_hid_joy.o
 .debug_pubnames
                0x000011ec       0x23 ../../../../../usb-host/src/mcf5222x/hid/hid_demo.o
 .debug_pubnames
                0x0000120f       0x7c ../../../../../usb-host/src/mcf5222x/hid/host_hid_mouse.o
 .debug_pubnames
                0x0000128b      0x14a ../../../../../usb-host/src/mcf5222x/usb-drv/usb_host.o
 .debug_pubnames
                0x000013d5      0x111 ../../../../../usb-host/src/mcf5222x/usb-drv/usb_utils.o
 .debug_pubnames
                0x000014e6       0x26 ../../../../../usb-otg/src/mcf5222x/hid_demo_app.o
 .debug_pubnames
                0x0000150c      0x136 ../../../../../usb-otg/src/mcf5222x/otg_main.o
 .debug_pubnames
                0x00001642       0x7a ../../../../../usb-otg/src/mcf5222x/i2c-drv/i2c.o
 .debug_pubnames
                0x000016bc       0xb1 ../../../../../usb-otg/src/mcf5222x/otg-drv/max3353.o
 .debug_pubnames
                0x0000176d       0xa1 ../../../../../usb-otg/src/mcf5222x/otg-drv/mcf52223.o
 .debug_pubnames
                0x0000180e      0x168 ../../../../../usb-otg/src/mcf5222x/otg-drv/otg.o
 .debug_pubnames
                0x00001976       0x38 ../../../../../usb-common/mcf5222x/timer-drv/timer.o
 .debug_pubnames
                0x000019ae       0x7d ../../../../../usb-common/mcf5222x/uart-drv/uart.o
 .debug_pubnames
                0x00001a2b       0x9d ../../../../../usb-common/mcf5222x/target.o
 .debug_pubnames
                0x00001ac8       0x9a ../../../../../usb-common/terminal/hcc_terminal.o
 .debug_pubnames
                0x00001b62       0x30 ../../../../../usb-common/utils/utils.o
 .debug_pubnames
                0x00001b92       0x25 ../../../../../usb-otg/projects/gcc-gmake/mcf52223/otg/startup.o

.debug_info     0x00000000     0x9822
 *(.debug_info .gnu.linkonce.wi.*)
 .debug_info    0x00000000      0x1b8 ../../../../../usb-peripheral/src/mcf5222x/hid-demo/hid_generic.o
 .debug_info    0x000001b8      0xafa ../../../../../usb-peripheral/src/mcf5222x/hid-demo/hid_usb_config.o
 .debug_info    0x00000cb2      0x6f3 ../../../../../usb-peripheral/src/mcf5222x/hid-demo/hid.o
 .debug_info    0x000013a5      0x2b0 ../../../../../usb-peripheral/src/mcf5222x/hid-demo/hid_kbd.o
 .debug_info    0x00001655      0x1e8 ../../../../../usb-peripheral/src/mcf5222x/hid-demo/hid_mouse.o
 .debug_info    0x0000183d     0x1093 ../../../../../usb-peripheral/src/mcf5222x/device_ints.o
 .debug_info    0x000028d0      0xcdf ../../../../../usb-peripheral/src/mcf5222x/usb-drv/usb.o
 .debug_info    0x000035af      0x316 ../../../../../usb-host/src/mcf5222x/hid/hid_parser.o
 .debug_info    0x000038c5      0x760 ../../../../../usb-host/src/mcf5222x/hid/host_hid.o
 .debug_info    0x00004025      0x902 ../../../../../usb-host/src/mcf5222x/hid/host_hid_kbd.o
 .debug_info    0x00004927      0x732 ../../../../../usb-host/src/mcf5222x/hid/host_hid_joy.o
 .debug_info    0x00005059      0x4a5 ../../../../../usb-host/src/mcf5222x/hid/hid_demo.o
 .debug_info    0x000054fe      0x5c2 ../../../../../usb-host/src/mcf5222x/hid/host_hid_mouse.o
 .debug_info    0x00005ac0      0xa02 ../../../../../usb-host/src/mcf5222x/usb-drv/usb_host.o
 .debug_info    0x000064c2      0x85f ../../../../../usb-host/src/mcf5222x/usb-drv/usb_utils.o
 .debug_info    0x00006d21      0x13f ../../../../../usb-otg/src/mcf5222x/hid_demo_app.o
 .debug_info    0x00006e60      0x45f ../../../../../usb-otg/src/mcf5222x/otg_main.o
 .debug_info    0x000072bf      0x30d ../../../../../usb-otg/src/mcf5222x/i2c-drv/i2c.o
 .debug_info    0x000075cc      0x425 ../../../../../usb-otg/src/mcf5222x/otg-drv/max3353.o
 .debug_info    0x000079f1      0x242 ../../../../../usb-otg/src/mcf5222x/otg-drv/mcf52223.o
 .debug_info    0x00007c33      0xafe ../../../../../usb-otg/src/mcf5222x/otg-drv/otg.o
 .debug_info    0x00008731      0x1a8 ../../../../../usb-common/mcf5222x/timer-drv/timer.o
 .debug_info    0x000088d9      0x2c4 ../../../../../usb-common/mcf5222x/uart-drv/uart.o
 .debug_info    0x00008b9d      0x2ab ../../../../../usb-common/mcf5222x/target.o
 .debug_info    0x00008e48      0x579 ../../../../../usb-common/terminal/hcc_terminal.o
 .debug_info    0x000093c1      0x264 ../../../../../usb-common/utils/utils.o
 .debug_info    0x00009625      0x1fd ../../../../../usb-otg/projects/gcc-gmake/mcf52223/otg/startup.o

.debug_abbrev   0x00000000     0x194a
 *(.debug_abbrev)
 .debug_abbrev  0x00000000       0x87 ../../../../../usb-peripheral/src/mcf5222x/hid-demo/hid_generic.o
 .debug_abbrev  0x00000087      0x10d ../../../../../usb-peripheral/src/mcf5222x/hid-demo/hid_usb_config.o
 .debug_abbrev  0x00000194      0x15c ../../../../../usb-peripheral/src/mcf5222x/hid-demo/hid.o
 .debug_abbrev  0x000002f0       0xc2 ../../../../../usb-peripheral/src/mcf5222x/hid-demo/hid_kbd.o
 .debug_abbrev  0x000003b2       0x95 ../../../../../usb-peripheral/src/mcf5222x/hid-demo/hid_mouse.o
 .debug_abbrev  0x00000447       0x4b ../../../../../usb-peripheral/src/mcf5222x/device_ints.o
 .debug_abbrev  0x00000492      0x1f7 ../../../../../usb-peripheral/src/mcf5222x/usb-drv/usb.o
 .debug_abbrev  0x00000689       0xaa ../../../../../usb-host/src/mcf5222x/hid/hid_parser.o
 .debug_abbrev  0x00000733      0x122 ../../../../../usb-host/src/mcf5222x/hid/host_hid.o
 .debug_abbrev  0x00000855      0x106 ../../../../../usb-host/src/mcf5222x/hid/host_hid_kbd.o
 .debug_abbrev  0x0000095b      0x112 ../../../../../usb-host/src/mcf5222x/hid/host_hid_joy.o
 .debug_abbrev  0x00000a6d      0x101 ../../../../../usb-host/src/mcf5222x/hid/hid_demo.o
 .debug_abbrev  0x00000b6e      0x11d ../../../../../usb-host/src/mcf5222x/hid/host_hid_mouse.o
 .debug_abbrev  0x00000c8b      0x1c7 ../../../../../usb-host/src/mcf5222x/usb-drv/usb_host.o
 .debug_abbrev  0x00000e52      0x152 ../../../../../usb-host/src/mcf5222x/usb-drv/usb_utils.o
 .debug_abbrev  0x00000fa4       0x71 ../../../../../usb-otg/src/mcf5222x/hid_demo_app.o
 .debug_abbrev  0x00001015       0xf4 ../../../../../usb-otg/src/mcf5222x/otg_main.o
 .debug_abbrev  0x00001109       0xcc ../../../../../usb-otg/src/mcf5222x/i2c-drv/i2c.o
 .debug_abbrev  0x000011d5       0xed ../../../../../usb-otg/src/mcf5222x/otg-drv/max3353.o
 .debug_abbrev  0x000012c2       0x8a ../../../../../usb-otg/src/mcf5222x/otg-drv/mcf52223.o
 .debug_abbrev  0x0000134c      0x148 ../../../../../usb-otg/src/mcf5222x/otg-drv/otg.o
 .debug_abbrev  0x00001494       0xa2 ../../../../../usb-common/mcf5222x/timer-drv/timer.o
 .debug_abbrev  0x00001536       0xca ../../../../../usb-common/mcf5222x/uart-drv/uart.o
 .debug_abbrev  0x00001600       0xb0 ../../../../../usb-common/mcf5222x/target.o
 .debug_abbrev  0x000016b0      0x192 ../../../../../usb-common/terminal/hcc_terminal.o
 .debug_abbrev  0x00001842       0x8c ../../../../../usb-common/utils/utils.o
 .debug_abbrev  0x000018ce       0x7c ../../../../../usb-otg/projects/gcc-gmake/mcf52223/otg/startup.o

.debug_line     0x00000000     0x2fbb
 *(.debug_line)
 .debug_line    0x00000000      0x1a0 ../../../../../usb-peripheral/src/mcf5222x/hid-demo/hid_generic.o
 .debug_line    0x000001a0      0x20a ../../../../../usb-peripheral/src/mcf5222x/hid-demo/hid_usb_config.o
 .debug_line    0x000003aa      0x239 ../../../../../usb-peripheral/src/mcf5222x/hid-demo/hid.o
 .debug_line    0x000005e3      0x1b4 ../../../../../usb-peripheral/src/mcf5222x/hid-demo/hid_kbd.o
 .debug_line    0x00000797      0x187 ../../../../../usb-peripheral/src/mcf5222x/hid-demo/hid_mouse.o
 .debug_line    0x0000091e      0x247 ../../../../../usb-peripheral/src/mcf5222x/device_ints.o
 .debug_line    0x00000b65      0x39f ../../../../../usb-peripheral/src/mcf5222x/usb-drv/usb.o
 .debug_line    0x00000f04       0xed ../../../../../usb-host/src/mcf5222x/hid/hid_parser.o
 .debug_line    0x00000ff1      0x1ab ../../../../../usb-host/src/mcf5222x/hid/host_hid.o
 .debug_line    0x0000119c      0x1b7 ../../../../../usb-host/src/mcf5222x/hid/host_hid_kbd.o
 .debug_line    0x00001353      0x182 ../../../../../usb-host/src/mcf5222x/hid/host_hid_joy.o
 .debug_line    0x000014d5      0x2a1 ../../../../../usb-host/src/mcf5222x/hid/hid_demo.o
 .debug_line    0x00001776      0x18b ../../../../../usb-host/src/mcf5222x/hid/host_hid_mouse.o
 .debug_line    0x00001901      0x2d9 ../../../../../usb-host/src/mcf5222x/usb-drv/usb_host.o
 .debug_line    0x00001bda      0x185 ../../../../../usb-host/src/mcf5222x/usb-drv/usb_utils.o
 .debug_line    0x00001d5f      0x1fa ../../../../../usb-otg/src/mcf5222x/hid_demo_app.o
 .debug_line    0x00001f59      0x282 ../../../../../usb-otg/src/mcf5222x/otg_main.o
 .debug_line    0x000021db       0xff ../../../../../usb-otg/src/mcf5222x/i2c-drv/i2c.o
 .debug_line    0x000022da      0x22c ../../../../../usb-otg/src/mcf5222x/otg-drv/max3353.o
 .debug_line    0x00002506      0x194 ../../../../../usb-otg/src/mcf5222x/otg-drv/mcf52223.o
 .debug_line    0x0000269a      0x410 ../../../../../usb-otg/src/mcf5222x/otg-drv/otg.o
 .debug_line    0x00002aaa       0xbf ../../../../../usb-common/mcf5222x/timer-drv/timer.o
 .debug_line    0x00002b69       0xeb ../../../../../usb-common/mcf5222x/uart-drv/uart.o
 .debug_line    0x00002c54       0xba ../../../../../usb-common/mcf5222x/target.o
 .debug_line    0x00002d0e      0x13e ../../../../../usb-common/terminal/hcc_terminal.o
 .debug_line    0x00002e4c       0xbd ../../../../../usb-common/utils/utils.o
 .debug_line    0x00002f09       0xb2 ../../../../../usb-otg/projects/gcc-gmake/mcf52223/otg/startup.o

.debug_frame    0x00000000     0x285c
 *(.debug_frame)
 .debug_frame   0x00000000       0x48 ../../../../../usb-peripheral/src/mcf5222x/hid-demo/hid_generic.o
 .debug_frame   0x00000048      0x1bc ../../../../../usb-peripheral/src/mcf5222x/hid-demo/hid_usb_config.o
 .debug_frame   0x00000204      0x1b4 ../../../../../usb-peripheral/src/mcf5222x/hid-demo/hid.o
 .debug_frame   0x000003b8       0x90 ../../../../../usb-peripheral/src/mcf5222x/hid-demo/hid_kbd.o
 .debug_frame   0x00000448       0x58 ../../../../../usb-peripheral/src/mcf5222x/hid-demo/hid_mouse.o
 .debug_frame   0x000004a0      0xbe4 ../../../../../usb-peripheral/src/mcf5222x/device_ints.o
 .debug_frame   0x00001084      0x39c ../../../../../usb-peripheral/src/mcf5222x/usb-drv/usb.o
 .debug_frame   0x00001420       0x4c ../../../../../usb-host/src/mcf5222x/hid/hid_parser.o
 .debug_frame   0x0000146c      0x104 ../../../../../usb-host/src/mcf5222x/hid/host_hid.o
 .debug_frame   0x00001570      0x184 ../../../../../usb-host/src/mcf5222x/hid/host_hid_kbd.o
 .debug_frame   0x000016f4       0xf8 ../../../../../usb-host/src/mcf5222x/hid/host_hid_joy.o
 .debug_frame   0x000017ec       0xc4 ../../../../../usb-host/src/mcf5222x/hid/hid_demo.o
 .debug_frame   0x000018b0       0xb4 ../../../../../usb-host/src/mcf5222x/hid/host_hid_mouse.o
 .debug_frame   0x00001964      0x274 ../../../../../usb-host/src/mcf5222x/usb-drv/usb_host.o
 .debug_frame   0x00001bd8      0x194 ../../../../../usb-host/src/mcf5222x/usb-drv/usb_utils.o
 .debug_frame   0x00001d6c       0x40 ../../../../../usb-otg/src/mcf5222x/hid_demo_app.o
 .debug_frame   0x00001dac      0x178 ../../../../../usb-otg/src/mcf5222x/otg_main.o
 .debug_frame   0x00001f24       0x94 ../../../../../usb-otg/src/mcf5222x/i2c-drv/i2c.o
 .debug_frame   0x00001fb8      0x130 ../../../../../usb-otg/src/mcf5222x/otg-drv/max3353.o
 .debug_frame   0x000020e8       0xbc ../../../../../usb-otg/src/mcf5222x/otg-drv/mcf52223.o
 .debug_frame   0x000021a4      0x2a8 ../../../../../usb-otg/src/mcf5222x/otg-drv/otg.o
 .debug_frame   0x0000244c       0x44 ../../../../../usb-common/mcf5222x/timer-drv/timer.o
 .debug_frame   0x00002490       0xb4 ../../../../../usb-common/mcf5222x/uart-drv/uart.o
 .debug_frame   0x00002544      0x130 ../../../../../usb-common/mcf5222x/target.o
 .debug_frame   0x00002674      0x15c ../../../../../usb-common/terminal/hcc_terminal.o
 .debug_frame   0x000027d0       0x60 ../../../../../usb-common/utils/utils.o
 .debug_frame   0x00002830       0x2c ../../../../../usb-otg/projects/gcc-gmake/mcf52223/otg/startup.o

.debug_str      0x00000000       0x93
 *(.debug_str)
 .debug_str     0x00000000       0x13 ../../../../../usb-peripheral/src/mcf5222x/usb-drv/usb.o
 .debug_str     0x00000013       0x20 ../../../../../usb-host/src/mcf5222x/hid/host_hid.o
 .debug_str     0x00000033        0x8 ../../../../../usb-host/src/mcf5222x/hid/hid_demo.o
 .debug_str     0x0000003b       0x3a ../../../../../usb-host/src/mcf5222x/usb-drv/usb_host.o
 .debug_str     0x00000075       0x15 ../../../../../usb-host/src/mcf5222x/usb-drv/usb_utils.o
 .debug_str     0x0000008a        0x9 ../../../../../usb-common/terminal/hcc_terminal.o

.debug_loc      0x00000000     0x2c80
 *(.debug_loc)
 .debug_loc     0x00000000       0x20 ../../../../../usb-peripheral/src/mcf5222x/hid-demo/hid_generic.o
 .debug_loc     0x00000020      0x220 ../../../../../usb-peripheral/src/mcf5222x/hid-demo/hid_usb_config.o
 .debug_loc     0x00000240      0x1e0 ../../../../../usb-peripheral/src/mcf5222x/hid-demo/hid.o
 .debug_loc     0x00000420       0x80 ../../../../../usb-peripheral/src/mcf5222x/hid-demo/hid_kbd.o
 .debug_loc     0x000004a0       0x40 ../../../../../usb-peripheral/src/mcf5222x/hid-demo/hid_mouse.o
 .debug_loc     0x000004e0      0xfc0 ../../../../../usb-peripheral/src/mcf5222x/device_ints.o
 .debug_loc     0x000014a0      0x340 ../../../../../usb-peripheral/src/mcf5222x/usb-drv/usb.o
 .debug_loc     0x000017e0       0x40 ../../../../../usb-host/src/mcf5222x/hid/hid_parser.o
 .debug_loc     0x00001820       0xe0 ../../../../../usb-host/src/mcf5222x/hid/host_hid.o
 .debug_loc     0x00001900      0x1c0 ../../../../../usb-host/src/mcf5222x/hid/host_hid_kbd.o
 .debug_loc     0x00001ac0      0x120 ../../../../../usb-host/src/mcf5222x/hid/host_hid_joy.o
 .debug_loc     0x00001be0       0x40 ../../../../../usb-host/src/mcf5222x/hid/hid_demo.o
 .debug_loc     0x00001c20       0xc0 ../../../../../usb-host/src/mcf5222x/hid/host_hid_mouse.o
 .debug_loc     0x00001ce0      0x280 ../../../../../usb-host/src/mcf5222x/usb-drv/usb_host.o
 .debug_loc     0x00001f60      0x1a0 ../../../../../usb-host/src/mcf5222x/usb-drv/usb_utils.o
 .debug_loc     0x00002100       0x20 ../../../../../usb-otg/src/mcf5222x/hid_demo_app.o
 .debug_loc     0x00002120      0x1a0 ../../../../../usb-otg/src/mcf5222x/otg_main.o
 .debug_loc     0x000022c0       0xa0 ../../../../../usb-otg/src/mcf5222x/i2c-drv/i2c.o
 .debug_loc     0x00002360      0x120 ../../../../../usb-otg/src/mcf5222x/otg-drv/max3353.o
 .debug_loc     0x00002480       0xe0 ../../../../../usb-otg/src/mcf5222x/otg-drv/mcf52223.o
 .debug_loc     0x00002560      0x2c0 ../../../../../usb-otg/src/mcf5222x/otg-drv/otg.o
 .debug_loc     0x00002820       0x40 ../../../../../usb-common/mcf5222x/timer-drv/timer.o
 .debug_loc     0x00002860       0xc0 ../../../../../usb-common/mcf5222x/uart-drv/uart.o
 .debug_loc     0x00002920      0x160 ../../../../../usb-common/mcf5222x/target.o
 .debug_loc     0x00002a80      0x180 ../../../../../usb-common/terminal/hcc_terminal.o
 .debug_loc     0x00002c00       0x60 ../../../../../usb-common/utils/utils.o
 .debug_loc     0x00002c60       0x20 ../../../../../usb-otg/projects/gcc-gmake/mcf52223/otg/startup.o

.debug_macinfo  0x00000000   0x1ddf31
 *(.debug_macinfo)
 .debug_macinfo
                0x00000000    0x1560b ../../../../../usb-peripheral/src/mcf5222x/hid-demo/hid_generic.o
 .debug_macinfo
                0x0001560b    0x155d3 ../../../../../usb-peripheral/src/mcf5222x/hid-demo/hid_usb_config.o
 .debug_macinfo
                0x0002abde    0x15474 ../../../../../usb-peripheral/src/mcf5222x/hid-demo/hid.o
 .debug_macinfo
                0x00040052    0x16a93 ../../../../../usb-peripheral/src/mcf5222x/hid-demo/hid_kbd.o
 .debug_macinfo
                0x00056ae5    0x154a9 ../../../../../usb-peripheral/src/mcf5222x/hid-demo/hid_mouse.o
 .debug_macinfo
                0x0006bf8e    0x15368 ../../../../../usb-peripheral/src/mcf5222x/device_ints.o
 .debug_macinfo
                0x000812f6    0x159fb ../../../../../usb-peripheral/src/mcf5222x/usb-drv/usb.o
 .debug_macinfo
                0x00096cf1     0x132f ../../../../../usb-host/src/mcf5222x/hid/hid_parser.o
 .debug_macinfo
                0x00098020    0x16ff6 ../../../../../usb-host/src/mcf5222x/hid/host_hid.o
 .debug_macinfo
                0x000af016    0x16f31 ../../../../../usb-host/src/mcf5222x/hid/host_hid_kbd.o
 .debug_macinfo
                0x000c5f47    0x15c69 ../../../../../usb-host/src/mcf5222x/hid/host_hid_joy.o
 .debug_macinfo
                0x000dbbb0    0x163bb ../../../../../usb-host/src/mcf5222x/hid/hid_demo.o
 .debug_macinfo
                0x000f1f6b    0x15c6b ../../../../../usb-host/src/mcf5222x/hid/host_hid_mouse.o
 .debug_macinfo
                0x00107bd6    0x15281 ../../../../../usb-host/src/mcf5222x/usb-drv/usb_host.o
 .debug_macinfo
                0x0011ce57     0x1303 ../../../../../usb-host/src/mcf5222x/usb-drv/usb_utils.o
 .debug_macinfo
                0x0011e15a    0x15636 ../../../../../usb-otg/src/mcf5222x/hid_demo_app.o
 .debug_macinfo
                0x00133790    0x15ce4 ../../../../../usb-otg/src/mcf5222x/otg_main.o
 .debug_macinfo
                0x00149474    0x1474c ../../../../../usb-otg/src/mcf5222x/i2c-drv/i2c.o
 .debug_macinfo
                0x0015dbc0    0x15704 ../../../../../usb-otg/src/mcf5222x/otg-drv/max3353.o
 .debug_macinfo
                0x001732c4    0x153d2 ../../../../../usb-otg/src/mcf5222x/otg-drv/mcf52223.o
 .debug_macinfo
                0x00188696    0x1613b ../../../../../usb-otg/src/mcf5222x/otg-drv/otg.o
 .debug_macinfo
                0x0019e7d1    0x14762 ../../../../../usb-common/mcf5222x/timer-drv/timer.o
 .debug_macinfo
                0x001b2f33    0x1480b ../../../../../usb-common/mcf5222x/uart-drv/uart.o
 .debug_macinfo
                0x001c773e    0x149b7 ../../../../../usb-common/mcf5222x/target.o
 .debug_macinfo
                0x001dc0f5      0xa25 ../../../../../usb-common/terminal/hcc_terminal.o
 .debug_macinfo
                0x001dcb1a      0xa14 ../../../../../usb-common/utils/utils.o
 .debug_macinfo
                0x001dd52e      0xa03 ../../../../../usb-otg/projects/gcc-gmake/mcf52223/otg/startup.o
                0x0000c4de                __COPY_START = LOADADDR (.data)
LOAD ../../../../../usb-peripheral/src/mcf5222x/hid-demo/hid_generic.o
LOAD ../../../../../usb-peripheral/src/mcf5222x/hid-demo/hid_usb_config.o
LOAD ../../../../../usb-peripheral/src/mcf5222x/hid-demo/hid.o
LOAD ../../../../../usb-peripheral/src/mcf5222x/hid-demo/hid_kbd.o
LOAD ../../../../../usb-peripheral/src/mcf5222x/hid-demo/hid_mouse.o
LOAD ../../../../../usb-peripheral/src/mcf5222x/device_ints.o
LOAD ../../../../../usb-peripheral/src/mcf5222x/usb-drv/usb.o
LOAD ../../../../../usb-host/src/mcf5222x/hid/hid_parser.o
LOAD ../../../../../usb-host/src/mcf5222x/hid/host_hid.o
LOAD ../../../../../usb-host/src/mcf5222x/hid/host_hid_kbd.o
LOAD ../../../../../usb-host/src/mcf5222x/hid/host_hid_joy.o
LOAD ../../../../../usb-host/src/mcf5222x/hid/hid_demo.o
LOAD ../../../../../usb-host/src/mcf5222x/hid/host_hid_mouse.o
LOAD ../../../../../usb-host/src/mcf5222x/usb-drv/usb_host.o
LOAD ../../../../../usb-host/src/mcf5222x/usb-drv/usb_utils.o
LOAD ../../../../../usb-otg/src/mcf5222x/hid_demo_app.o
LOAD ../../../../../usb-otg/src/mcf5222x/otg_main.o
LOAD ../../../../../usb-otg/src/mcf5222x/i2c-drv/i2c.o
LOAD ../../../../../usb-otg/src/mcf5222x/otg-drv/max3353.o
LOAD ../../../../../usb-otg/src/mcf5222x/otg-drv/mcf52223.o
LOAD ../../../../../usb-otg/src/mcf5222x/otg-drv/otg.o
LOAD ../../../../../usb-common/mcf5222x/timer-drv/timer.o
LOAD ../../../../../usb-common/mcf5222x/uart-drv/uart.o
LOAD ../../../../../usb-common/mcf5222x/target.o
LOAD ../../../../../usb-common/terminal/hcc_terminal.o
LOAD ../../../../../usb-common/utils/utils.o
LOAD ../../../../../usb-otg/projects/gcc-gmake/mcf52223/otg/startup.o
LOAD ../../../../../usb-otg/projects/gcc-gmake/mcf52223/otg/mcf5222x_vectors.o
LOAD ../../../../../usb-otg/projects/gcc-gmake/mcf52223/otg/mcf5xxx_lo.o
OUTPUT(otg.elf elf32-m68k)

.comment        0x00000000      0x41d
 .comment       0x00000000       0x27 ../../../../../usb-peripheral/src/mcf5222x/hid-demo/hid_generic.o
 .comment       0x00000027       0x27 ../../../../../usb-peripheral/src/mcf5222x/hid-demo/hid_usb_config.o
 .comment       0x0000004e       0x27 ../../../../../usb-peripheral/src/mcf5222x/hid-demo/hid.o
 .comment       0x00000075       0x27 ../../../../../usb-peripheral/src/mcf5222x/hid-demo/hid_kbd.o
 .comment       0x0000009c       0x27 ../../../../../usb-peripheral/src/mcf5222x/hid-demo/hid_mouse.o
 .comment       0x000000c3       0x27 ../../../../../usb-peripheral/src/mcf5222x/device_ints.o
 .comment       0x000000ea       0x27 ../../../../../usb-peripheral/src/mcf5222x/usb-drv/usb.o
 .comment       0x00000111       0x27 ../../../../../usb-host/src/mcf5222x/hid/hid_parser.o
 .comment       0x00000138       0x27 ../../../../../usb-host/src/mcf5222x/hid/host_hid.o
 .comment       0x0000015f       0x27 ../../../../../usb-host/src/mcf5222x/hid/host_hid_kbd.o
 .comment       0x00000186       0x27 ../../../../../usb-host/src/mcf5222x/hid/host_hid_joy.o
 .comment       0x000001ad       0x27 ../../../../../usb-host/src/mcf5222x/hid/hid_demo.o
 .comment       0x000001d4       0x27 ../../../../../usb-host/src/mcf5222x/hid/host_hid_mouse.o
 .comment       0x000001fb       0x27 ../../../../../usb-host/src/mcf5222x/usb-drv/usb_host.o
 .comment       0x00000222       0x27 ../../../../../usb-host/src/mcf5222x/usb-drv/usb_utils.o
 .comment       0x00000249       0x27 ../../../../../usb-otg/src/mcf5222x/hid_demo_app.o
 .comment       0x00000270       0x27 ../../../../../usb-otg/src/mcf5222x/otg_main.o
 .comment       0x00000297       0x27 ../../../../../usb-otg/src/mcf5222x/i2c-drv/i2c.o
 .comment       0x000002be       0x27 ../../../../../usb-otg/src/mcf5222x/otg-drv/max3353.o
 .comment       0x000002e5       0x27 ../../../../../usb-otg/src/mcf5222x/otg-drv/mcf52223.o
 .comment       0x0000030c       0x27 ../../../../../usb-otg/src/mcf5222x/otg-drv/otg.o
 .comment       0x00000333       0x27 ../../../../../usb-common/mcf5222x/timer-drv/timer.o
 .comment       0x0000035a       0x27 ../../../../../usb-common/mcf5222x/uart-drv/uart.o
 .comment       0x00000381       0x27 ../../../../../usb-common/mcf5222x/target.o
 .comment       0x000003a8       0x27 ../../../../../usb-common/terminal/hcc_terminal.o
 .comment       0x000003cf       0x27 ../../../../../usb-common/utils/utils.o
 .comment       0x000003f6       0x27 ../../../../../usb-otg/projects/gcc-gmake/mcf52223/otg/startup.o
