
Allocating common symbols
Common symbol       size              file

di                  0x6               ../../../../../usb-peripheral/src/mcf5222x/hid-demo/hid_usb_config.o
buf_ep01            0x8               ../../../../../usb-peripheral/src/mcf5222x/hid-demo/hid_usb_config.o
buf_ep00            0x8               ../../../../../usb-peripheral/src/mcf5222x/hid-demo/hid_usb_config.o

Memory Configuration

Name             Origin             Length             Attributes
rom              0x00000000         0x00040000         xr
ram              0x20000000         0x00008000         xrw
*default*        0x00000000         0xffffffff

Linker script and memory map

                0x00000000                __DYNAMIC = 0x0
                0x20000000                PROVIDE (__SRAM, 0x20000000)
                0x20000000                PROVIDE (_SRAM, 0x20000000)
                0x40000000                PROVIDE (__IPSBAR, 0x40000000)
                0x40000000                PROVIDE (_IPSBAR, 0x40000000)

.text           0x00000000     0x4aac
 *(.vectors)
 .vectors       0x00000000      0x48c ../../../../../usb-peripheral/projects/gcc-gmake/mcf52223/hid-demo/mcf5222x_vectors.o
                0x00000000                VECTOR_TABLE
                0x00000418                __start
                0x00000474                usb_it_handler
 *(.text .text.*)
 .text          0x0000048c       0xaa ../../../../../usb-peripheral/projects/gcc-gmake/mcf52223/hid-demo/startup.o
                0x0000048c                low_level_init
 *fill*         0x00000536        0x2 00
 .text          0x00000538      0x2f4 ../../../../../usb-peripheral/src/mcf5222x/device_ints.o
                0x00000826                irq_handler7f
                0x00000598                irq_handler12
                0x0000074e                irq_handler5b
                0x000006dc                irq_handler48
                0x00000718                irq_handler52
                0x000007a8                irq_handler6a
                0x00000574                irq_handler0c
                0x000006b8                irq_handler42
                0x000007fc                irq_handler78
                0x00000646                irq_handler2f
                0x000007a2                irq_handler69
                0x000005aa                irq_handler15
                0x000006e2                irq_handler49
                0x0000077e                irq_handler63
                0x00000706                irq_handler4f
                0x00000700                irq_handler4e
                0x0000055c                irq_handler08
                0x00000550                irq_handler06
                0x0000061c                irq_handler28
                0x00000694                irq_handler3c
                0x00000808                irq_handler7a
                0x0000064c                irq_handler30
                0x000007f0                irq_handler76
                0x000007d2                irq_handler71
                0x000005d4                irq_handler1c
                0x0000068e                irq_handler3b
                0x000006fa                irq_handler4d
                0x00000568                irq_handler0a
                0x0000069a                irq_handler3d
                0x00000682                irq_handler39
                0x000005fe                irq_handler23
                0x0000054a                irq_handler05
                0x000006d6                irq_handler47
                0x00000664                irq_handler34
                0x0000059e                irq_handler13
                0x00000790                irq_handler66
                0x00000724                irq_handler54
                0x000007ae                irq_handler6b
                0x000006ac                irq_handler40
                0x00000748                irq_handler5a
                0x00000688                irq_handler3a
                0x000007d8                irq_handler72
                0x000005c8                irq_handler1a
                0x0000081a                irq_handler7d
                0x000006d0                irq_handler46
                0x000005bc                irq_handler18
                0x0000066a                irq_handler35
                0x00000736                irq_handler57
                0x0000079c                irq_handler68
                0x00000784                irq_handler64
                0x00000580                irq_handler0e
                0x000006b2                irq_handler41
                0x000007cc                irq_handler70
                0x00000622                irq_handler29
                0x000007de                irq_handler73
                0x000007ba                irq_handler6d
                0x0000073c                irq_handler58
                0x000006f4                irq_handler4c
                0x000005f8                irq_handler22
                0x00000796                irq_handler67
                0x000006be                irq_handler43
                0x0000065e                irq_handler33
                0x0000071e                irq_handler53
                0x00000760                irq_handler5e
                0x00000544                irq_handler04
                0x00000670                irq_handler36
                0x000005e0                irq_handler1e
                0x000007e4                irq_handler74
                0x000005a4                irq_handler14
                0x00000592                irq_handler11
                0x000005c2                irq_handler19
                0x000007c0                irq_handler6e
                0x00000676                irq_handler37
                0x0000080e                irq_handler7b
                0x00000712                irq_handler51
                0x0000063a                irq_handler2d
                0x00000586                irq_handler0f
                0x00000730                irq_handler56
                0x000005da                irq_handler1d
                0x00000562                irq_handler09
                0x0000076c                irq_handler60
                0x000006a0                irq_handler3e
                0x000007c6                irq_handler6f
                0x00000658                irq_handler32
                0x000005ce                irq_handler1b
                0x000007f6                irq_handler77
                0x00000640                irq_handler2e
                0x0000075a                irq_handler5d
                0x0000060a                irq_handler25
                0x00000766                irq_handler5f
                0x0000072a                irq_handler55
                0x00000772                irq_handler61
                0x000006ca                irq_handler45
                0x0000058c                irq_handler10
                0x00000754                irq_handler5c
                0x000005b6                irq_handler17
                0x000006ee                irq_handler4b
                0x0000070c                irq_handler50
                0x000005f2                irq_handler21
                0x00000610                irq_handler26
                0x0000078a                irq_handler65
                0x000007ea                irq_handler75
                0x0000056e                irq_handler0b
                0x000005ec                irq_handler20
                0x00000634                irq_handler2c
                0x000005b0                irq_handler16
                0x0000067c                irq_handler38
                0x00000814                irq_handler7c
                0x00000538                irq_handler02
                0x00000778                irq_handler62
                0x00000742                irq_handler59
                0x00000652                irq_handler31
                0x00000820                irq_handler7e
                0x00000604                irq_handler24
                0x0000062e                irq_handler2b
                0x000006a6                irq_handler3f
                0x000007b4                irq_handler6c
                0x00000616                irq_handler27
                0x00000628                irq_handler2a
                0x0000057a                irq_handler0d
                0x0000053e                irq_handler03
                0x00000556                irq_handler07
                0x000006c4                irq_handler44
                0x00000802                irq_handler79
                0x000006e8                irq_handler4a
                0x000005e6                irq_handler1f
 .text          0x0000082c     0x26f8 ../../../../../usb-peripheral/src/mcf5222x/usb-drv/usb.o
                0x000012a4                usb_stop_ep_rx
                0x00001230                usb_stop_ep_tx
                0x000009f0                usb_ep_is_busy
                0x00001e60                usb_abort_ep
                0x00000c08                usb_stop
                0x00000aee                usb_init
                0x0000082c                usb_get_rx_pptr
                0x00000a2c                usb_get_state
                0x000025f8                usb_it_handler1
                0x00000a42                usb_ep_error
                0x000009b2                usb_get_done
                0x0000195a                usb_send
                0x00001d1c                usb_receive
 .text          0x00002f24      0xc20 ../../../../../usb-peripheral/src/mcf5222x/hid-demo/hid.o
                0x000031c2                usb_reset_event
                0x00002fec                hid_write_report
                0x000039ea                HID_init
                0x000030da                hid_report_pending
                0x00003254                usb_ep0_hid_callback
                0x00003066                hid_read_report
                0x00003116                hid_get_idle_time
                0x00003a56                hid_process
                0x000031b2                usb_wakeup_event
                0x000031ba                usb_suspend_event
                0x00002f24                hid_add_report
                0x000031aa                usb_bus_error_event
                0x0000320c                set_report_state
 .text          0x00003b44      0x246 ../../../../../usb-peripheral/src/mcf5222x/hid-demo/hid_generic.o
                0x00003b44                hid_generic
 *fill*         0x00003d8a        0x2 00
 .text          0x00003d8c      0x368 ../../../../../usb-peripheral/src/mcf5222x/hid-demo/hid_kbd.o
                0x00003ef6                hid_kbd
 .text          0x000040f4       0xcc ../../../../../usb-peripheral/src/mcf5222x/hid-demo/hid_main.o
                0x000040f4                main
 .text          0x000041c0       0xdc ../../../../../usb-peripheral/src/mcf5222x/hid-demo/hid_mouse.o
                0x000041e0                hid_mouse
                0x000041c0                mou_got_reset
 .text          0x0000429c      0x5b8 ../../../../../usb-peripheral/src/mcf5222x/hid-demo/hid_usb_config.o
                0x0000455c                get_str_descriptor
                0x000042ae                got_usb_reset
                0x00004746                get_ep_rx_buffer
                0x00004328                get_report_descriptor
                0x00004460                get_cfg_descriptor
                0x000043c4                get_device_descriptor
                0x0000479e                usb_cfg_init
                0x00004790                usb_ep0_callback
                0x0000429c                set_mode
                0x0000439a                get_physical_descriptor
                0x000046c6                get_ep_descriptor
                0x000042b6                get_hid_descriptor
                0x000047b4                enable_usb_pull_up
                0x0000441c                is_cfgd_index
                0x000044c0                is_str_index
                0x0000464a                is_ep_ndx
                0x000045e0                is_ifc_ndx
 .text          0x00004854      0x1fa ../../../../../usb-common/mcf5222x/target.o
                0x000048dc                init_ints
                0x000048f4                init_board
                0x000048ba                init_scm
                0x00004a16                _irq_disable
                0x0000499e                Usb_Vbus_On
                0x000049e2                Usb_Vbus_Stat
                0x00004a2a                hw_init
                0x000049c0                Usb_Vbus_Off
                0x00004a02                _irq_restore
 *fill*         0x00004a4e        0x2 00
 .text          0x00004a50        0x0 ../../../../../usb-peripheral/projects/gcc-gmake/mcf52223/hid-demo/mcf5222x_vectors.o
 .text          0x00004a50       0x5c ../../../../../usb-peripheral/projects/gcc-gmake/mcf52223/hid-demo/mcf5xxx_lo.o
                0x00004a5c                mcf5xxx_wr_vbr
                0x00004a68                mcf5xxx_byterev
                0x00004a50                mcf5xxx_wr_cacr
                0x00004a76                asm_set_ipl
 *(.rodata .rodata.*)

.data           0x20000000      0x380 load address 0x00004aac
                0x20000000                __COPY_DST = .
 *(.shdata)
 *(.data .data.*)
 .data          0x20000000        0x0 ../../../../../usb-peripheral/projects/gcc-gmake/mcf52223/hid-demo/startup.o
 .data          0x20000000        0x0 ../../../../../usb-peripheral/src/mcf5222x/device_ints.o
 .data          0x20000000        0x0 ../../../../../usb-peripheral/src/mcf5222x/usb-drv/usb.o
 .data          0x20000000        0x0 ../../../../../usb-peripheral/src/mcf5222x/hid-demo/hid.o
 .data          0x20000000        0x0 ../../../../../usb-peripheral/src/mcf5222x/hid-demo/hid_generic.o
 .data          0x20000000        0x0 ../../../../../usb-peripheral/src/mcf5222x/hid-demo/hid_kbd.o
 .data          0x20000000        0x0 ../../../../../usb-peripheral/src/mcf5222x/hid-demo/hid_main.o
 .data          0x20000000        0x0 ../../../../../usb-peripheral/src/mcf5222x/hid-demo/hid_mouse.o
 .data          0x20000000      0x37f ../../../../../usb-peripheral/src/mcf5222x/hid-demo/hid_usb_config.o
                0x20000302                geh_string_descriptors
                0x20000000                string_descriptor0
                0x2000006e                kbd_product
                0x2000004a                kbd_interface
                0x20000204                mou_device_descriptor
                0x2000035a                geh_config_descriptor
                0x2000001e                kbd_config
                0x20000248                mou_config_descriptor
                0x20000192                mou_serail_number
                0x200000dc                kbd_device_descriptor
                0x20000299                geh_interface
                0x2000031a                geh_device_descriptor
                0x2000017e                mou_interface
                0x2000032c                geh_report_descriptor
                0x2000012d                kbd_config_descriptor
                0x20000152                mou_config
                0x20000004                str_manufacturer
                0x2000019c                mou_product
                0x200002b5                geh_product
                0x200002ab                geh_serail_number
                0x20000064                kbd_serail_number
                0x2000026d                geh_config
                0x200000c4                kbd_string_descriptors
                0x200000ee                kbd_report_descriptor
                0x20000216                mou_report_descriptor
                0x200001ec                mou_string_descriptors
 *fill*         0x2000037f        0x1 00
 .data          0x20000380        0x0 ../../../../../usb-common/mcf5222x/target.o
 .data          0x20000380        0x0 ../../../../../usb-peripheral/projects/gcc-gmake/mcf52223/hid-demo/mcf5222x_vectors.o
 .data          0x20000380        0x0 ../../../../../usb-peripheral/projects/gcc-gmake/mcf52223/hid-demo/mcf5xxx_lo.o
                0x20000380                __COPY_END = .

.bss            0x20000380      0x260
                0x20000380                __ZERO_START = .
 *(.shbss)
 *(.bss .bss.*)
 .bss           0x20000380        0x0 ../../../../../usb-peripheral/projects/gcc-gmake/mcf52223/hid-demo/startup.o
 .bss           0x20000380        0x0 ../../../../../usb-peripheral/src/mcf5222x/device_ints.o
 .bss           0x20000380      0x204 ../../../../../usb-peripheral/src/mcf5222x/usb-drv/usb.o
 .bss           0x20000584       0x28 ../../../../../usb-peripheral/src/mcf5222x/hid-demo/hid.o
 .bss           0x200005ac        0x1 ../../../../../usb-peripheral/src/mcf5222x/hid-demo/hid_generic.o
 *fill*         0x200005ad        0x3 00
 .bss           0x200005b0        0x7 ../../../../../usb-peripheral/src/mcf5222x/hid-demo/hid_kbd.o
 *fill*         0x200005b7        0x1 00
 .bss           0x200005b8        0x0 ../../../../../usb-peripheral/src/mcf5222x/hid-demo/hid_main.o
 .bss           0x200005b8        0x4 ../../../../../usb-peripheral/src/mcf5222x/hid-demo/hid_mouse.o
 .bss           0x200005bc        0x4 ../../../../../usb-peripheral/src/mcf5222x/hid-demo/hid_usb_config.o
 .bss           0x200005c0        0x0 ../../../../../usb-common/mcf5222x/target.o
 .bss           0x200005c0        0x8 ../../../../../usb-peripheral/projects/gcc-gmake/mcf52223/hid-demo/mcf5222x_vectors.o
                0x200005c0                d0_reset
                0x200005c4                d1_reset
 .bss           0x200005c8        0x0 ../../../../../usb-peripheral/projects/gcc-gmake/mcf52223/hid-demo/mcf5xxx_lo.o
 *(.gnu.linkonce.b.*)
 *(COMMON)
 COMMON         0x200005c8       0x16 ../../../../../usb-peripheral/src/mcf5222x/hid-demo/hid_usb_config.o
                0x200005c8                di
                0x200005ce                buf_ep01
                0x200005d6                buf_ep00
                0x200005e0                . = ALIGN (0x8)
 *fill*         0x200005de        0x2 00
                0x200005e0                __ZERO_END = .

.bdt            0x200005e0      0x220
                0x20000600                . = ALIGN (0x200)
 *fill*         0x200005e0       0x20 00
                0x20000600                _BDT_BASE = .
                0x20000800                . = (. + 0x200)
 *fill*         0x20000600      0x200 00

.stack          0x20000800     0x1000
                0x20000800                . = ALIGN (0x4)
                0x20001800                . = (. + 0x1000)
 *fill*         0x20000800     0x1000 00
                0x20001800                __SP_INIT = .

.stab
 *(.stab)

.stabstr
 *(.stabstr)

.debug
 *(.debug)

.line
 *(.line)

.debug_srcinfo
 *(.debug_srcinfo)

.debug_sfnames
 *(.debug_sfnames)

.debug_aranges  0x00000000      0x140
 *(.debug_aranges)
 .debug_aranges
                0x00000000       0x20 ../../../../../usb-peripheral/projects/gcc-gmake/mcf52223/hid-demo/startup.o
 .debug_aranges
                0x00000020       0x20 ../../../../../usb-peripheral/src/mcf5222x/device_ints.o
 .debug_aranges
                0x00000040       0x20 ../../../../../usb-peripheral/src/mcf5222x/usb-drv/usb.o
 .debug_aranges
                0x00000060       0x20 ../../../../../usb-peripheral/src/mcf5222x/hid-demo/hid.o
 .debug_aranges
                0x00000080       0x20 ../../../../../usb-peripheral/src/mcf5222x/hid-demo/hid_generic.o
 .debug_aranges
                0x000000a0       0x20 ../../../../../usb-peripheral/src/mcf5222x/hid-demo/hid_kbd.o
 .debug_aranges
                0x000000c0       0x20 ../../../../../usb-peripheral/src/mcf5222x/hid-demo/hid_main.o
 .debug_aranges
                0x000000e0       0x20 ../../../../../usb-peripheral/src/mcf5222x/hid-demo/hid_mouse.o
 .debug_aranges
                0x00000100       0x20 ../../../../../usb-peripheral/src/mcf5222x/hid-demo/hid_usb_config.o
 .debug_aranges
                0x00000120       0x20 ../../../../../usb-common/mcf5222x/target.o

.debug_pubnames
                0x00000000     0x1014
 *(.debug_pubnames)
 .debug_pubnames
                0x00000000       0x25 ../../../../../usb-peripheral/projects/gcc-gmake/mcf52223/hid-demo/startup.o
 .debug_pubnames
                0x00000025      0x8ee ../../../../../usb-peripheral/src/mcf5222x/device_ints.o
 .debug_pubnames
                0x00000913       0xef ../../../../../usb-peripheral/src/mcf5222x/usb-drv/usb.o
 .debug_pubnames
                0x00000a02      0x11d ../../../../../usb-peripheral/src/mcf5222x/hid-demo/hid.o
 .debug_pubnames
                0x00000b1f       0x22 ../../../../../usb-peripheral/src/mcf5222x/hid-demo/hid_generic.o
 .debug_pubnames
                0x00000b41       0x1e ../../../../../usb-peripheral/src/mcf5222x/hid-demo/hid_kbd.o
 .debug_pubnames
                0x00000b5f       0x1b ../../../../../usb-peripheral/src/mcf5222x/hid-demo/hid_main.o
 .debug_pubnames
                0x00000b7a       0x32 ../../../../../usb-peripheral/src/mcf5222x/hid-demo/hid_mouse.o
 .debug_pubnames
                0x00000bac      0x3cb ../../../../../usb-peripheral/src/mcf5222x/hid-demo/hid_usb_config.o
 .debug_pubnames
                0x00000f77       0x9d ../../../../../usb-common/mcf5222x/target.o

.debug_info     0x00000000     0x3c34
 *(.debug_info .gnu.linkonce.wi.*)
 .debug_info    0x00000000      0x215 ../../../../../usb-peripheral/projects/gcc-gmake/mcf52223/hid-demo/startup.o
 .debug_info    0x00000215     0x109f ../../../../../usb-peripheral/src/mcf5222x/device_ints.o
 .debug_info    0x000012b4      0xceb ../../../../../usb-peripheral/src/mcf5222x/usb-drv/usb.o
 .debug_info    0x00001f9f      0x6ff ../../../../../usb-peripheral/src/mcf5222x/hid-demo/hid.o
 .debug_info    0x0000269e      0x1c8 ../../../../../usb-peripheral/src/mcf5222x/hid-demo/hid_generic.o
 .debug_info    0x00002866      0x2c0 ../../../../../usb-peripheral/src/mcf5222x/hid-demo/hid_kbd.o
 .debug_info    0x00002b26      0x14f ../../../../../usb-peripheral/src/mcf5222x/hid-demo/hid_main.o
 .debug_info    0x00002c75      0x1f8 ../../../../../usb-peripheral/src/mcf5222x/hid-demo/hid_mouse.o
 .debug_info    0x00002e6d      0xb10 ../../../../../usb-peripheral/src/mcf5222x/hid-demo/hid_usb_config.o
 .debug_info    0x0000397d      0x2b7 ../../../../../usb-common/mcf5222x/target.o

.debug_abbrev   0x00000000      0x81c
 *(.debug_abbrev)
 .debug_abbrev  0x00000000       0x7c ../../../../../usb-peripheral/projects/gcc-gmake/mcf52223/hid-demo/startup.o
 .debug_abbrev  0x0000007c       0x4b ../../../../../usb-peripheral/src/mcf5222x/device_ints.o
 .debug_abbrev  0x000000c7      0x1f7 ../../../../../usb-peripheral/src/mcf5222x/usb-drv/usb.o
 .debug_abbrev  0x000002be      0x15c ../../../../../usb-peripheral/src/mcf5222x/hid-demo/hid.o
 .debug_abbrev  0x0000041a       0x87 ../../../../../usb-peripheral/src/mcf5222x/hid-demo/hid_generic.o
 .debug_abbrev  0x000004a1       0xb1 ../../../../../usb-peripheral/src/mcf5222x/hid-demo/hid_kbd.o
 .debug_abbrev  0x00000552       0x73 ../../../../../usb-peripheral/src/mcf5222x/hid-demo/hid_main.o
 .debug_abbrev  0x000005c5       0x84 ../../../../../usb-peripheral/src/mcf5222x/hid-demo/hid_mouse.o
 .debug_abbrev  0x00000649      0x123 ../../../../../usb-peripheral/src/mcf5222x/hid-demo/hid_usb_config.o
 .debug_abbrev  0x0000076c       0xb0 ../../../../../usb-common/mcf5222x/target.o

.debug_line     0x00000000     0x11e4
 *(.debug_line)
 .debug_line    0x00000000       0xbe ../../../../../usb-peripheral/projects/gcc-gmake/mcf52223/hid-demo/startup.o
 .debug_line    0x000000be      0x247 ../../../../../usb-peripheral/src/mcf5222x/device_ints.o
 .debug_line    0x00000305      0x39f ../../../../../usb-peripheral/src/mcf5222x/usb-drv/usb.o
 .debug_line    0x000006a4      0x239 ../../../../../usb-peripheral/src/mcf5222x/hid-demo/hid.o
 .debug_line    0x000008dd      0x19e ../../../../../usb-peripheral/src/mcf5222x/hid-demo/hid_generic.o
 .debug_line    0x00000a7b      0x1b2 ../../../../../usb-peripheral/src/mcf5222x/hid-demo/hid_kbd.o
 .debug_line    0x00000c2d      0x19d ../../../../../usb-peripheral/src/mcf5222x/hid-demo/hid_main.o
 .debug_line    0x00000dca      0x186 ../../../../../usb-peripheral/src/mcf5222x/hid-demo/hid_mouse.o
 .debug_line    0x00000f50      0x1da ../../../../../usb-peripheral/src/mcf5222x/hid-demo/hid_usb_config.o
 .debug_line    0x0000112a       0xba ../../../../../usb-common/mcf5222x/target.o

.debug_frame    0x00000000     0x15ac
 *(.debug_frame)
 .debug_frame   0x00000000       0x2c ../../../../../usb-peripheral/projects/gcc-gmake/mcf52223/hid-demo/startup.o
 .debug_frame   0x0000002c      0xbe4 ../../../../../usb-peripheral/src/mcf5222x/device_ints.o
 .debug_frame   0x00000c10      0x39c ../../../../../usb-peripheral/src/mcf5222x/usb-drv/usb.o
 .debug_frame   0x00000fac      0x1b4 ../../../../../usb-peripheral/src/mcf5222x/hid-demo/hid.o
 .debug_frame   0x00001160       0x40 ../../../../../usb-peripheral/src/mcf5222x/hid-demo/hid_generic.o
 .debug_frame   0x000011a0       0x8c ../../../../../usb-peripheral/src/mcf5222x/hid-demo/hid_kbd.o
 .debug_frame   0x0000122c       0x40 ../../../../../usb-peripheral/src/mcf5222x/hid-demo/hid_main.o
 .debug_frame   0x0000126c       0x54 ../../../../../usb-peripheral/src/mcf5222x/hid-demo/hid_mouse.o
 .debug_frame   0x000012c0      0x1bc ../../../../../usb-peripheral/src/mcf5222x/hid-demo/hid_usb_config.o
 .debug_frame   0x0000147c      0x130 ../../../../../usb-common/mcf5222x/target.o

.debug_str      0x00000000       0x13
 *(.debug_str)
 .debug_str     0x00000000       0x13 ../../../../../usb-peripheral/src/mcf5222x/usb-drv/usb.o

.debug_loc      0x00000000     0x1980
 *(.debug_loc)
 .debug_loc     0x00000000       0x20 ../../../../../usb-peripheral/projects/gcc-gmake/mcf52223/hid-demo/startup.o
 .debug_loc     0x00000020      0xfc0 ../../../../../usb-peripheral/src/mcf5222x/device_ints.o
 .debug_loc     0x00000fe0      0x340 ../../../../../usb-peripheral/src/mcf5222x/usb-drv/usb.o
 .debug_loc     0x00001320      0x1e0 ../../../../../usb-peripheral/src/mcf5222x/hid-demo/hid.o
 .debug_loc     0x00001500       0x20 ../../../../../usb-peripheral/src/mcf5222x/hid-demo/hid_generic.o
 .debug_loc     0x00001520       0x80 ../../../../../usb-peripheral/src/mcf5222x/hid-demo/hid_kbd.o
 .debug_loc     0x000015a0       0x20 ../../../../../usb-peripheral/src/mcf5222x/hid-demo/hid_main.o
 .debug_loc     0x000015c0       0x40 ../../../../../usb-peripheral/src/mcf5222x/hid-demo/hid_mouse.o
 .debug_loc     0x00001600      0x220 ../../../../../usb-peripheral/src/mcf5222x/hid-demo/hid_usb_config.o
 .debug_loc     0x00001820      0x160 ../../../../../usb-common/mcf5222x/target.o

.debug_macinfo  0x00000000    0xc162a
 *(.debug_macinfo)
 .debug_macinfo
                0x00000000      0x9f5 ../../../../../usb-peripheral/projects/gcc-gmake/mcf52223/hid-demo/startup.o
 .debug_macinfo
                0x000009f5    0x1535a ../../../../../usb-peripheral/src/mcf5222x/device_ints.o
 .debug_macinfo
                0x00015d4f    0x159ed ../../../../../usb-peripheral/src/mcf5222x/usb-drv/usb.o
 .debug_macinfo
                0x0002b73c    0x15466 ../../../../../usb-peripheral/src/mcf5222x/hid-demo/hid.o
 .debug_macinfo
                0x00040ba2    0x1560c ../../../../../usb-peripheral/src/mcf5222x/hid-demo/hid_generic.o
 .debug_macinfo
                0x000561ae    0x16a95 ../../../../../usb-peripheral/src/mcf5222x/hid-demo/hid_kbd.o
 .debug_macinfo
                0x0006cc43    0x15610 ../../../../../usb-peripheral/src/mcf5222x/hid-demo/hid_main.o
 .debug_macinfo
                0x00082253    0x154aa ../../../../../usb-peripheral/src/mcf5222x/hid-demo/hid_mouse.o
 .debug_macinfo
                0x000976fd    0x15584 ../../../../../usb-peripheral/src/mcf5222x/hid-demo/hid_usb_config.o
 .debug_macinfo
                0x000acc81    0x149a9 ../../../../../usb-common/mcf5222x/target.o
                0x00004aac                __COPY_START = LOADADDR (.data)
LOAD ../../../../../usb-peripheral/projects/gcc-gmake/mcf52223/hid-demo/startup.o
LOAD ../../../../../usb-peripheral/src/mcf5222x/device_ints.o
LOAD ../../../../../usb-peripheral/src/mcf5222x/usb-drv/usb.o
LOAD ../../../../../usb-peripheral/src/mcf5222x/hid-demo/hid.o
LOAD ../../../../../usb-peripheral/src/mcf5222x/hid-demo/hid_generic.o
LOAD ../../../../../usb-peripheral/src/mcf5222x/hid-demo/hid_kbd.o
LOAD ../../../../../usb-peripheral/src/mcf5222x/hid-demo/hid_main.o
LOAD ../../../../../usb-peripheral/src/mcf5222x/hid-demo/hid_mouse.o
LOAD ../../../../../usb-peripheral/src/mcf5222x/hid-demo/hid_usb_config.o
LOAD ../../../../../usb-common/mcf5222x/target.o
LOAD ../../../../../usb-peripheral/projects/gcc-gmake/mcf52223/hid-demo/mcf5222x_vectors.o
LOAD ../../../../../usb-peripheral/projects/gcc-gmake/mcf52223/hid-demo/mcf5xxx_lo.o
OUTPUT(hid-demo.elf elf32-m68k)

.comment        0x00000000      0x186
 .comment       0x00000000       0x27 ../../../../../usb-peripheral/projects/gcc-gmake/mcf52223/hid-demo/startup.o
 .comment       0x00000027       0x27 ../../../../../usb-peripheral/src/mcf5222x/device_ints.o
 .comment       0x0000004e       0x27 ../../../../../usb-peripheral/src/mcf5222x/usb-drv/usb.o
 .comment       0x00000075       0x27 ../../../../../usb-peripheral/src/mcf5222x/hid-demo/hid.o
 .comment       0x0000009c       0x27 ../../../../../usb-peripheral/src/mcf5222x/hid-demo/hid_generic.o
 .comment       0x000000c3       0x27 ../../../../../usb-peripheral/src/mcf5222x/hid-demo/hid_kbd.o
 .comment       0x000000ea       0x27 ../../../../../usb-peripheral/src/mcf5222x/hid-demo/hid_main.o
 .comment       0x00000111       0x27 ../../../../../usb-peripheral/src/mcf5222x/hid-demo/hid_mouse.o
 .comment       0x00000138       0x27 ../../../../../usb-peripheral/src/mcf5222x/hid-demo/hid_usb_config.o
 .comment       0x0000015f       0x27 ../../../../../usb-common/mcf5222x/target.o
